{
	"name": "frontcore-cli",
	"version": "0.0.1",
	"description": "N/A",
	"languages": [
		"HTML",
		"CSS",
		"JavaScript"
	],
	"directory": {
		"html": {
			"files": [],
			"ignore": [],
			"options": {}
		},
		"css": {
			"files": [],
			"ignore": [],
			"options": {}
		},
		"js": {
			"files": [],
			"ignore": [],
			"options": {}
		}
	}
}
