{
    "directory": {
        "js": {
            "files": [],
            "ignore": [],
            "options": {}
        }
    }
}