{
	"projectname": "frontcore-cli",
	"version": "0.0.1",
	"description": "N/A",
	"languages": [
		"HTML",
		"CSS",
		"JavaScript"
	]
}
